WARNING:root:this is my warning log
ERROR:root:this si my error log
WARNING:root:this is my warning log
ERROR:root:this si my error log
WARNING:root:this is my warning log
ERROR:root:this si my error log
WARNING:root:this is my warning log
ERROR:root:this si my error log
WARNING:root:this is my warning log
ERROR:root:this si my error log
WARNING:root:this is my warning log
ERROR:root:this si my error log
WARNING:root:this is my warning log
ERROR:root:this si my error log
INFO:root:this is my info log
WARNING:root:this is my warning log
ERROR:root:this si my error log
INFO:root:this is my info log
WARNING:root:this is my warning log
ERROR:root:this si my error log
